'R' register area map
;* Main file 'C:\USERS\IGNáC\DOCUMENTS\PLC\WINTER_PLC\06_IOT_HOUSE\06_IOT_HOUSE.MAK'

R    0   	 = USINT OI1073_KEYB	; 
R    1   :  80   = USINT OI1073_VIDEORAM [80]{0..79}	; 
	R1	  > USINT OI1073_VIDEORAM[0]{0}
	R2	  > USINT OI1073_VIDEORAM[1]{1}
	R3	  > USINT OI1073_VIDEORAM[2]{2}
	R4	  > USINT OI1073_VIDEORAM[3]{3}
	R5	  > USINT OI1073_VIDEORAM[4]{4}
	R6	  > USINT OI1073_VIDEORAM[5]{5}
	R7	  > USINT OI1073_VIDEORAM[6]{6}
	R8	  > USINT OI1073_VIDEORAM[7]{7}
	R9	  > USINT OI1073_VIDEORAM[8]{8}
	R10	  > USINT OI1073_VIDEORAM[9]{9}
	R11	  > USINT OI1073_VIDEORAM[10]{10}
	R12	  > USINT OI1073_VIDEORAM[11]{11}
	R13	  > USINT OI1073_VIDEORAM[12]{12}
	R14	  > USINT OI1073_VIDEORAM[13]{13}
	R15	  > USINT OI1073_VIDEORAM[14]{14}
	R16	  > USINT OI1073_VIDEORAM[15]{15}
	R17	  > USINT OI1073_VIDEORAM[16]{16}
	R18	  > USINT OI1073_VIDEORAM[17]{17}
	R19	  > USINT OI1073_VIDEORAM[18]{18}
	R20	  > USINT OI1073_VIDEORAM[19]{19}
	R21	  > USINT OI1073_VIDEORAM[20]{20}
	R22	  > USINT OI1073_VIDEORAM[21]{21}
	R23	  > USINT OI1073_VIDEORAM[22]{22}
	R24	  > USINT OI1073_VIDEORAM[23]{23}
	R25	  > USINT OI1073_VIDEORAM[24]{24}
	R26	  > USINT OI1073_VIDEORAM[25]{25}
	R27	  > USINT OI1073_VIDEORAM[26]{26}
	R28	  > USINT OI1073_VIDEORAM[27]{27}
	R29	  > USINT OI1073_VIDEORAM[28]{28}
	R30	  > USINT OI1073_VIDEORAM[29]{29}
	R31	  > USINT OI1073_VIDEORAM[30]{30}
	R32	  > USINT OI1073_VIDEORAM[31]{31}
	R33	  > USINT OI1073_VIDEORAM[32]{32}
	R34	  > USINT OI1073_VIDEORAM[33]{33}
	R35	  > USINT OI1073_VIDEORAM[34]{34}
	R36	  > USINT OI1073_VIDEORAM[35]{35}
	R37	  > USINT OI1073_VIDEORAM[36]{36}
	R38	  > USINT OI1073_VIDEORAM[37]{37}
	R39	  > USINT OI1073_VIDEORAM[38]{38}
	R40	  > USINT OI1073_VIDEORAM[39]{39}
	R41	  > USINT OI1073_VIDEORAM[40]{40}
	R42	  > USINT OI1073_VIDEORAM[41]{41}
	R43	  > USINT OI1073_VIDEORAM[42]{42}
	R44	  > USINT OI1073_VIDEORAM[43]{43}
	R45	  > USINT OI1073_VIDEORAM[44]{44}
	R46	  > USINT OI1073_VIDEORAM[45]{45}
	R47	  > USINT OI1073_VIDEORAM[46]{46}
	R48	  > USINT OI1073_VIDEORAM[47]{47}
	R49	  > USINT OI1073_VIDEORAM[48]{48}
	R50	  > USINT OI1073_VIDEORAM[49]{49}
	R51	  > USINT OI1073_VIDEORAM[50]{50}
	R52	  > USINT OI1073_VIDEORAM[51]{51}
	R53	  > USINT OI1073_VIDEORAM[52]{52}
	R54	  > USINT OI1073_VIDEORAM[53]{53}
	R55	  > USINT OI1073_VIDEORAM[54]{54}
	R56	  > USINT OI1073_VIDEORAM[55]{55}
	R57	  > USINT OI1073_VIDEORAM[56]{56}
	R58	  > USINT OI1073_VIDEORAM[57]{57}
	R59	  > USINT OI1073_VIDEORAM[58]{58}
	R60	  > USINT OI1073_VIDEORAM[59]{59}
	R61	  > USINT OI1073_VIDEORAM[60]{60}
	R62	  > USINT OI1073_VIDEORAM[61]{61}
	R63	  > USINT OI1073_VIDEORAM[62]{62}
	R64	  > USINT OI1073_VIDEORAM[63]{63}
	R65	  > USINT OI1073_VIDEORAM[64]{64}
	R66	  > USINT OI1073_VIDEORAM[65]{65}
	R67	  > USINT OI1073_VIDEORAM[66]{66}
	R68	  > USINT OI1073_VIDEORAM[67]{67}
	R69	  > USINT OI1073_VIDEORAM[68]{68}
	R70	  > USINT OI1073_VIDEORAM[69]{69}
	R71	  > USINT OI1073_VIDEORAM[70]{70}
	R72	  > USINT OI1073_VIDEORAM[71]{71}
	R73	  > USINT OI1073_VIDEORAM[72]{72}
	R74	  > USINT OI1073_VIDEORAM[73]{73}
	R75	  > USINT OI1073_VIDEORAM[74]{74}
	R76	  > USINT OI1073_VIDEORAM[75]{75}
	R77	  > USINT OI1073_VIDEORAM[76]{76}
	R78	  > USINT OI1073_VIDEORAM[77]{77}
	R79	  > USINT OI1073_VIDEORAM[78]{78}
	R80	  > USINT OI1073_VIDEORAM[79]{79}
RW  81   :  82   = INT TIMEDELAYED	; 
RW  83   :  84   = INT SWITCHCASE	; 
R   85.0 	 = BOOL BEDROOMLIGHT	; 
R   85.1 	 = BOOL CHILDTOPROOMLIGHT	; 
R   85.2 	 = BOOL GARAGELIGHT	; 
R   85.3 	 = BOOL CHILDMIDDLEROOMLIGHT	; 
R   85.4 	 = BOOL BATHROOMLIGHT	; 
R   85.5 	 = BOOL HALLLIGHT	; 
R   85.6 	 = BOOL WCLIGHT	; 
R   85.7 	 = BOOL KITCHENLIGHT	; 
R   86.0 	 = BOOL PATIOLIGHT	; 
R   86.1 	 = BOOL LIVINGROOMLIGHT	; 
R   86.2 	 = BOOL OUTSIDELIGHT	; 
R   86.3 	 = BOOL CELLARLIGHT	; 
R   86.4 	 = BOOL SUN		; 
R   86.5 	 = BOOL CYCLESWITCHED	; 
R   86.6 	 = BOOL BEDROOMDOOR	; 
R   86.7 	 = BOOL CHILDTOPROOMDOOR	; 
R   87.0 	 = BOOL CHILDMIDDLEROOMDOOR	; 
R   87.1 	 = BOOL GARAGEDOOR	; 
R   87.2 	 = BOOL GARAGEGATE	; 
R   87.3 	 = BOOL BATHROOMDOOR	; 
R   87.4 	 = BOOL WCDOOR	; 
R   87.5 	 = BOOL CELLARDOOR	; 
R   87.6 	 = BOOL PATIODOOR	; 
R   87.7 	 = BOOL HALLDOOR	; 
R   88   : 168   = STRING INSIDETEMPERATURETEXT [81]{0..80}	; 
	R88	  > STRING INSIDETEMPERATURETEXT[0]{0}
	R89	  > STRING INSIDETEMPERATURETEXT[1]{1}
	R90	  > STRING INSIDETEMPERATURETEXT[2]{2}
	R91	  > STRING INSIDETEMPERATURETEXT[3]{3}
	R92	  > STRING INSIDETEMPERATURETEXT[4]{4}
	R93	  > STRING INSIDETEMPERATURETEXT[5]{5}
	R94	  > STRING INSIDETEMPERATURETEXT[6]{6}
	R95	  > STRING INSIDETEMPERATURETEXT[7]{7}
	R96	  > STRING INSIDETEMPERATURETEXT[8]{8}
	R97	  > STRING INSIDETEMPERATURETEXT[9]{9}
	R98	  > STRING INSIDETEMPERATURETEXT[10]{10}
	R99	  > STRING INSIDETEMPERATURETEXT[11]{11}
	R100	  > STRING INSIDETEMPERATURETEXT[12]{12}
	R101	  > STRING INSIDETEMPERATURETEXT[13]{13}
	R102	  > STRING INSIDETEMPERATURETEXT[14]{14}
	R103	  > STRING INSIDETEMPERATURETEXT[15]{15}
	R104	  > STRING INSIDETEMPERATURETEXT[16]{16}
	R105	  > STRING INSIDETEMPERATURETEXT[17]{17}
	R106	  > STRING INSIDETEMPERATURETEXT[18]{18}
	R107	  > STRING INSIDETEMPERATURETEXT[19]{19}
	R108	  > STRING INSIDETEMPERATURETEXT[20]{20}
	R109	  > STRING INSIDETEMPERATURETEXT[21]{21}
	R110	  > STRING INSIDETEMPERATURETEXT[22]{22}
	R111	  > STRING INSIDETEMPERATURETEXT[23]{23}
	R112	  > STRING INSIDETEMPERATURETEXT[24]{24}
	R113	  > STRING INSIDETEMPERATURETEXT[25]{25}
	R114	  > STRING INSIDETEMPERATURETEXT[26]{26}
	R115	  > STRING INSIDETEMPERATURETEXT[27]{27}
	R116	  > STRING INSIDETEMPERATURETEXT[28]{28}
	R117	  > STRING INSIDETEMPERATURETEXT[29]{29}
	R118	  > STRING INSIDETEMPERATURETEXT[30]{30}
	R119	  > STRING INSIDETEMPERATURETEXT[31]{31}
	R120	  > STRING INSIDETEMPERATURETEXT[32]{32}
	R121	  > STRING INSIDETEMPERATURETEXT[33]{33}
	R122	  > STRING INSIDETEMPERATURETEXT[34]{34}
	R123	  > STRING INSIDETEMPERATURETEXT[35]{35}
	R124	  > STRING INSIDETEMPERATURETEXT[36]{36}
	R125	  > STRING INSIDETEMPERATURETEXT[37]{37}
	R126	  > STRING INSIDETEMPERATURETEXT[38]{38}
	R127	  > STRING INSIDETEMPERATURETEXT[39]{39}
	R128	  > STRING INSIDETEMPERATURETEXT[40]{40}
	R129	  > STRING INSIDETEMPERATURETEXT[41]{41}
	R130	  > STRING INSIDETEMPERATURETEXT[42]{42}
	R131	  > STRING INSIDETEMPERATURETEXT[43]{43}
	R132	  > STRING INSIDETEMPERATURETEXT[44]{44}
	R133	  > STRING INSIDETEMPERATURETEXT[45]{45}
	R134	  > STRING INSIDETEMPERATURETEXT[46]{46}
	R135	  > STRING INSIDETEMPERATURETEXT[47]{47}
	R136	  > STRING INSIDETEMPERATURETEXT[48]{48}
	R137	  > STRING INSIDETEMPERATURETEXT[49]{49}
	R138	  > STRING INSIDETEMPERATURETEXT[50]{50}
	R139	  > STRING INSIDETEMPERATURETEXT[51]{51}
	R140	  > STRING INSIDETEMPERATURETEXT[52]{52}
	R141	  > STRING INSIDETEMPERATURETEXT[53]{53}
	R142	  > STRING INSIDETEMPERATURETEXT[54]{54}
	R143	  > STRING INSIDETEMPERATURETEXT[55]{55}
	R144	  > STRING INSIDETEMPERATURETEXT[56]{56}
	R145	  > STRING INSIDETEMPERATURETEXT[57]{57}
	R146	  > STRING INSIDETEMPERATURETEXT[58]{58}
	R147	  > STRING INSIDETEMPERATURETEXT[59]{59}
	R148	  > STRING INSIDETEMPERATURETEXT[60]{60}
	R149	  > STRING INSIDETEMPERATURETEXT[61]{61}
	R150	  > STRING INSIDETEMPERATURETEXT[62]{62}
	R151	  > STRING INSIDETEMPERATURETEXT[63]{63}
	R152	  > STRING INSIDETEMPERATURETEXT[64]{64}
	R153	  > STRING INSIDETEMPERATURETEXT[65]{65}
	R154	  > STRING INSIDETEMPERATURETEXT[66]{66}
	R155	  > STRING INSIDETEMPERATURETEXT[67]{67}
	R156	  > STRING INSIDETEMPERATURETEXT[68]{68}
	R157	  > STRING INSIDETEMPERATURETEXT[69]{69}
	R158	  > STRING INSIDETEMPERATURETEXT[70]{70}
	R159	  > STRING INSIDETEMPERATURETEXT[71]{71}
	R160	  > STRING INSIDETEMPERATURETEXT[72]{72}
	R161	  > STRING INSIDETEMPERATURETEXT[73]{73}
	R162	  > STRING INSIDETEMPERATURETEXT[74]{74}
	R163	  > STRING INSIDETEMPERATURETEXT[75]{75}
	R164	  > STRING INSIDETEMPERATURETEXT[76]{76}
	R165	  > STRING INSIDETEMPERATURETEXT[77]{77}
	R166	  > STRING INSIDETEMPERATURETEXT[78]{78}
	R167	  > STRING INSIDETEMPERATURETEXT[79]{79}
	R168	  > STRING INSIDETEMPERATURETEXT[80]{80}
R  169   : 249   = STRING OUTSIDETEMPERATURETEXT [81]{0..80}	; 
	R169	  > STRING OUTSIDETEMPERATURETEXT[0]{0}
	R170	  > STRING OUTSIDETEMPERATURETEXT[1]{1}
	R171	  > STRING OUTSIDETEMPERATURETEXT[2]{2}
	R172	  > STRING OUTSIDETEMPERATURETEXT[3]{3}
	R173	  > STRING OUTSIDETEMPERATURETEXT[4]{4}
	R174	  > STRING OUTSIDETEMPERATURETEXT[5]{5}
	R175	  > STRING OUTSIDETEMPERATURETEXT[6]{6}
	R176	  > STRING OUTSIDETEMPERATURETEXT[7]{7}
	R177	  > STRING OUTSIDETEMPERATURETEXT[8]{8}
	R178	  > STRING OUTSIDETEMPERATURETEXT[9]{9}
	R179	  > STRING OUTSIDETEMPERATURETEXT[10]{10}
	R180	  > STRING OUTSIDETEMPERATURETEXT[11]{11}
	R181	  > STRING OUTSIDETEMPERATURETEXT[12]{12}
	R182	  > STRING OUTSIDETEMPERATURETEXT[13]{13}
	R183	  > STRING OUTSIDETEMPERATURETEXT[14]{14}
	R184	  > STRING OUTSIDETEMPERATURETEXT[15]{15}
	R185	  > STRING OUTSIDETEMPERATURETEXT[16]{16}
	R186	  > STRING OUTSIDETEMPERATURETEXT[17]{17}
	R187	  > STRING OUTSIDETEMPERATURETEXT[18]{18}
	R188	  > STRING OUTSIDETEMPERATURETEXT[19]{19}
	R189	  > STRING OUTSIDETEMPERATURETEXT[20]{20}
	R190	  > STRING OUTSIDETEMPERATURETEXT[21]{21}
	R191	  > STRING OUTSIDETEMPERATURETEXT[22]{22}
	R192	  > STRING OUTSIDETEMPERATURETEXT[23]{23}
	R193	  > STRING OUTSIDETEMPERATURETEXT[24]{24}
	R194	  > STRING OUTSIDETEMPERATURETEXT[25]{25}
	R195	  > STRING OUTSIDETEMPERATURETEXT[26]{26}
	R196	  > STRING OUTSIDETEMPERATURETEXT[27]{27}
	R197	  > STRING OUTSIDETEMPERATURETEXT[28]{28}
	R198	  > STRING OUTSIDETEMPERATURETEXT[29]{29}
	R199	  > STRING OUTSIDETEMPERATURETEXT[30]{30}
	R200	  > STRING OUTSIDETEMPERATURETEXT[31]{31}
	R201	  > STRING OUTSIDETEMPERATURETEXT[32]{32}
	R202	  > STRING OUTSIDETEMPERATURETEXT[33]{33}
	R203	  > STRING OUTSIDETEMPERATURETEXT[34]{34}
	R204	  > STRING OUTSIDETEMPERATURETEXT[35]{35}
	R205	  > STRING OUTSIDETEMPERATURETEXT[36]{36}
	R206	  > STRING OUTSIDETEMPERATURETEXT[37]{37}
	R207	  > STRING OUTSIDETEMPERATURETEXT[38]{38}
	R208	  > STRING OUTSIDETEMPERATURETEXT[39]{39}
	R209	  > STRING OUTSIDETEMPERATURETEXT[40]{40}
	R210	  > STRING OUTSIDETEMPERATURETEXT[41]{41}
	R211	  > STRING OUTSIDETEMPERATURETEXT[42]{42}
	R212	  > STRING OUTSIDETEMPERATURETEXT[43]{43}
	R213	  > STRING OUTSIDETEMPERATURETEXT[44]{44}
	R214	  > STRING OUTSIDETEMPERATURETEXT[45]{45}
	R215	  > STRING OUTSIDETEMPERATURETEXT[46]{46}
	R216	  > STRING OUTSIDETEMPERATURETEXT[47]{47}
	R217	  > STRING OUTSIDETEMPERATURETEXT[48]{48}
	R218	  > STRING OUTSIDETEMPERATURETEXT[49]{49}
	R219	  > STRING OUTSIDETEMPERATURETEXT[50]{50}
	R220	  > STRING OUTSIDETEMPERATURETEXT[51]{51}
	R221	  > STRING OUTSIDETEMPERATURETEXT[52]{52}
	R222	  > STRING OUTSIDETEMPERATURETEXT[53]{53}
	R223	  > STRING OUTSIDETEMPERATURETEXT[54]{54}
	R224	  > STRING OUTSIDETEMPERATURETEXT[55]{55}
	R225	  > STRING OUTSIDETEMPERATURETEXT[56]{56}
	R226	  > STRING OUTSIDETEMPERATURETEXT[57]{57}
	R227	  > STRING OUTSIDETEMPERATURETEXT[58]{58}
	R228	  > STRING OUTSIDETEMPERATURETEXT[59]{59}
	R229	  > STRING OUTSIDETEMPERATURETEXT[60]{60}
	R230	  > STRING OUTSIDETEMPERATURETEXT[61]{61}
	R231	  > STRING OUTSIDETEMPERATURETEXT[62]{62}
	R232	  > STRING OUTSIDETEMPERATURETEXT[63]{63}
	R233	  > STRING OUTSIDETEMPERATURETEXT[64]{64}
	R234	  > STRING OUTSIDETEMPERATURETEXT[65]{65}
	R235	  > STRING OUTSIDETEMPERATURETEXT[66]{66}
	R236	  > STRING OUTSIDETEMPERATURETEXT[67]{67}
	R237	  > STRING OUTSIDETEMPERATURETEXT[68]{68}
	R238	  > STRING OUTSIDETEMPERATURETEXT[69]{69}
	R239	  > STRING OUTSIDETEMPERATURETEXT[70]{70}
	R240	  > STRING OUTSIDETEMPERATURETEXT[71]{71}
	R241	  > STRING OUTSIDETEMPERATURETEXT[72]{72}
	R242	  > STRING OUTSIDETEMPERATURETEXT[73]{73}
	R243	  > STRING OUTSIDETEMPERATURETEXT[74]{74}
	R244	  > STRING OUTSIDETEMPERATURETEXT[75]{75}
	R245	  > STRING OUTSIDETEMPERATURETEXT[76]{76}
	R246	  > STRING OUTSIDETEMPERATURETEXT[77]{77}
	R247	  > STRING OUTSIDETEMPERATURETEXT[78]{78}
	R248	  > STRING OUTSIDETEMPERATURETEXT[79]{79}
	R249	  > STRING OUTSIDETEMPERATURETEXT[80]{80}
R  250   : 330   = STRING MASTER_PASSKEY [81]{0..80}	; 
	R250	  > STRING MASTER_PASSKEY[0]{0}
	R251	  > STRING MASTER_PASSKEY[1]{1}
	R252	  > STRING MASTER_PASSKEY[2]{2}
	R253	  > STRING MASTER_PASSKEY[3]{3}
	R254	  > STRING MASTER_PASSKEY[4]{4}
	R255	  > STRING MASTER_PASSKEY[5]{5}
	R256	  > STRING MASTER_PASSKEY[6]{6}
	R257	  > STRING MASTER_PASSKEY[7]{7}
	R258	  > STRING MASTER_PASSKEY[8]{8}
	R259	  > STRING MASTER_PASSKEY[9]{9}
	R260	  > STRING MASTER_PASSKEY[10]{10}
	R261	  > STRING MASTER_PASSKEY[11]{11}
	R262	  > STRING MASTER_PASSKEY[12]{12}
	R263	  > STRING MASTER_PASSKEY[13]{13}
	R264	  > STRING MASTER_PASSKEY[14]{14}
	R265	  > STRING MASTER_PASSKEY[15]{15}
	R266	  > STRING MASTER_PASSKEY[16]{16}
	R267	  > STRING MASTER_PASSKEY[17]{17}
	R268	  > STRING MASTER_PASSKEY[18]{18}
	R269	  > STRING MASTER_PASSKEY[19]{19}
	R270	  > STRING MASTER_PASSKEY[20]{20}
	R271	  > STRING MASTER_PASSKEY[21]{21}
	R272	  > STRING MASTER_PASSKEY[22]{22}
	R273	  > STRING MASTER_PASSKEY[23]{23}
	R274	  > STRING MASTER_PASSKEY[24]{24}
	R275	  > STRING MASTER_PASSKEY[25]{25}
	R276	  > STRING MASTER_PASSKEY[26]{26}
	R277	  > STRING MASTER_PASSKEY[27]{27}
	R278	  > STRING MASTER_PASSKEY[28]{28}
	R279	  > STRING MASTER_PASSKEY[29]{29}
	R280	  > STRING MASTER_PASSKEY[30]{30}
	R281	  > STRING MASTER_PASSKEY[31]{31}
	R282	  > STRING MASTER_PASSKEY[32]{32}
	R283	  > STRING MASTER_PASSKEY[33]{33}
	R284	  > STRING MASTER_PASSKEY[34]{34}
	R285	  > STRING MASTER_PASSKEY[35]{35}
	R286	  > STRING MASTER_PASSKEY[36]{36}
	R287	  > STRING MASTER_PASSKEY[37]{37}
	R288	  > STRING MASTER_PASSKEY[38]{38}
	R289	  > STRING MASTER_PASSKEY[39]{39}
	R290	  > STRING MASTER_PASSKEY[40]{40}
	R291	  > STRING MASTER_PASSKEY[41]{41}
	R292	  > STRING MASTER_PASSKEY[42]{42}
	R293	  > STRING MASTER_PASSKEY[43]{43}
	R294	  > STRING MASTER_PASSKEY[44]{44}
	R295	  > STRING MASTER_PASSKEY[45]{45}
	R296	  > STRING MASTER_PASSKEY[46]{46}
	R297	  > STRING MASTER_PASSKEY[47]{47}
	R298	  > STRING MASTER_PASSKEY[48]{48}
	R299	  > STRING MASTER_PASSKEY[49]{49}
	R300	  > STRING MASTER_PASSKEY[50]{50}
	R301	  > STRING MASTER_PASSKEY[51]{51}
	R302	  > STRING MASTER_PASSKEY[52]{52}
	R303	  > STRING MASTER_PASSKEY[53]{53}
	R304	  > STRING MASTER_PASSKEY[54]{54}
	R305	  > STRING MASTER_PASSKEY[55]{55}
	R306	  > STRING MASTER_PASSKEY[56]{56}
	R307	  > STRING MASTER_PASSKEY[57]{57}
	R308	  > STRING MASTER_PASSKEY[58]{58}
	R309	  > STRING MASTER_PASSKEY[59]{59}
	R310	  > STRING MASTER_PASSKEY[60]{60}
	R311	  > STRING MASTER_PASSKEY[61]{61}
	R312	  > STRING MASTER_PASSKEY[62]{62}
	R313	  > STRING MASTER_PASSKEY[63]{63}
	R314	  > STRING MASTER_PASSKEY[64]{64}
	R315	  > STRING MASTER_PASSKEY[65]{65}
	R316	  > STRING MASTER_PASSKEY[66]{66}
	R317	  > STRING MASTER_PASSKEY[67]{67}
	R318	  > STRING MASTER_PASSKEY[68]{68}
	R319	  > STRING MASTER_PASSKEY[69]{69}
	R320	  > STRING MASTER_PASSKEY[70]{70}
	R321	  > STRING MASTER_PASSKEY[71]{71}
	R322	  > STRING MASTER_PASSKEY[72]{72}
	R323	  > STRING MASTER_PASSKEY[73]{73}
	R324	  > STRING MASTER_PASSKEY[74]{74}
	R325	  > STRING MASTER_PASSKEY[75]{75}
	R326	  > STRING MASTER_PASSKEY[76]{76}
	R327	  > STRING MASTER_PASSKEY[77]{77}
	R328	  > STRING MASTER_PASSKEY[78]{78}
	R329	  > STRING MASTER_PASSKEY[79]{79}
	R330	  > STRING MASTER_PASSKEY[80]{80}
R  331   : 411   = STRING ENTEREDPASSKEY [81]{0..80}	; 
	R331	  > STRING ENTEREDPASSKEY[0]{0}
	R332	  > STRING ENTEREDPASSKEY[1]{1}
	R333	  > STRING ENTEREDPASSKEY[2]{2}
	R334	  > STRING ENTEREDPASSKEY[3]{3}
	R335	  > STRING ENTEREDPASSKEY[4]{4}
	R336	  > STRING ENTEREDPASSKEY[5]{5}
	R337	  > STRING ENTEREDPASSKEY[6]{6}
	R338	  > STRING ENTEREDPASSKEY[7]{7}
	R339	  > STRING ENTEREDPASSKEY[8]{8}
	R340	  > STRING ENTEREDPASSKEY[9]{9}
	R341	  > STRING ENTEREDPASSKEY[10]{10}
	R342	  > STRING ENTEREDPASSKEY[11]{11}
	R343	  > STRING ENTEREDPASSKEY[12]{12}
	R344	  > STRING ENTEREDPASSKEY[13]{13}
	R345	  > STRING ENTEREDPASSKEY[14]{14}
	R346	  > STRING ENTEREDPASSKEY[15]{15}
	R347	  > STRING ENTEREDPASSKEY[16]{16}
	R348	  > STRING ENTEREDPASSKEY[17]{17}
	R349	  > STRING ENTEREDPASSKEY[18]{18}
	R350	  > STRING ENTEREDPASSKEY[19]{19}
	R351	  > STRING ENTEREDPASSKEY[20]{20}
	R352	  > STRING ENTEREDPASSKEY[21]{21}
	R353	  > STRING ENTEREDPASSKEY[22]{22}
	R354	  > STRING ENTEREDPASSKEY[23]{23}
	R355	  > STRING ENTEREDPASSKEY[24]{24}
	R356	  > STRING ENTEREDPASSKEY[25]{25}
	R357	  > STRING ENTEREDPASSKEY[26]{26}
	R358	  > STRING ENTEREDPASSKEY[27]{27}
	R359	  > STRING ENTEREDPASSKEY[28]{28}
	R360	  > STRING ENTEREDPASSKEY[29]{29}
	R361	  > STRING ENTEREDPASSKEY[30]{30}
	R362	  > STRING ENTEREDPASSKEY[31]{31}
	R363	  > STRING ENTEREDPASSKEY[32]{32}
	R364	  > STRING ENTEREDPASSKEY[33]{33}
	R365	  > STRING ENTEREDPASSKEY[34]{34}
	R366	  > STRING ENTEREDPASSKEY[35]{35}
	R367	  > STRING ENTEREDPASSKEY[36]{36}
	R368	  > STRING ENTEREDPASSKEY[37]{37}
	R369	  > STRING ENTEREDPASSKEY[38]{38}
	R370	  > STRING ENTEREDPASSKEY[39]{39}
	R371	  > STRING ENTEREDPASSKEY[40]{40}
	R372	  > STRING ENTEREDPASSKEY[41]{41}
	R373	  > STRING ENTEREDPASSKEY[42]{42}
	R374	  > STRING ENTEREDPASSKEY[43]{43}
	R375	  > STRING ENTEREDPASSKEY[44]{44}
	R376	  > STRING ENTEREDPASSKEY[45]{45}
	R377	  > STRING ENTEREDPASSKEY[46]{46}
	R378	  > STRING ENTEREDPASSKEY[47]{47}
	R379	  > STRING ENTEREDPASSKEY[48]{48}
	R380	  > STRING ENTEREDPASSKEY[49]{49}
	R381	  > STRING ENTEREDPASSKEY[50]{50}
	R382	  > STRING ENTEREDPASSKEY[51]{51}
	R383	  > STRING ENTEREDPASSKEY[52]{52}
	R384	  > STRING ENTEREDPASSKEY[53]{53}
	R385	  > STRING ENTEREDPASSKEY[54]{54}
	R386	  > STRING ENTEREDPASSKEY[55]{55}
	R387	  > STRING ENTEREDPASSKEY[56]{56}
	R388	  > STRING ENTEREDPASSKEY[57]{57}
	R389	  > STRING ENTEREDPASSKEY[58]{58}
	R390	  > STRING ENTEREDPASSKEY[59]{59}
	R391	  > STRING ENTEREDPASSKEY[60]{60}
	R392	  > STRING ENTEREDPASSKEY[61]{61}
	R393	  > STRING ENTEREDPASSKEY[62]{62}
	R394	  > STRING ENTEREDPASSKEY[63]{63}
	R395	  > STRING ENTEREDPASSKEY[64]{64}
	R396	  > STRING ENTEREDPASSKEY[65]{65}
	R397	  > STRING ENTEREDPASSKEY[66]{66}
	R398	  > STRING ENTEREDPASSKEY[67]{67}
	R399	  > STRING ENTEREDPASSKEY[68]{68}
	R400	  > STRING ENTEREDPASSKEY[69]{69}
	R401	  > STRING ENTEREDPASSKEY[70]{70}
	R402	  > STRING ENTEREDPASSKEY[71]{71}
	R403	  > STRING ENTEREDPASSKEY[72]{72}
	R404	  > STRING ENTEREDPASSKEY[73]{73}
	R405	  > STRING ENTEREDPASSKEY[74]{74}
	R406	  > STRING ENTEREDPASSKEY[75]{75}
	R407	  > STRING ENTEREDPASSKEY[76]{76}
	R408	  > STRING ENTEREDPASSKEY[77]{77}
	R409	  > STRING ENTEREDPASSKEY[78]{78}
	R410	  > STRING ENTEREDPASSKEY[79]{79}
	R411	  > STRING ENTEREDPASSKEY[80]{80}
RW 412   : 413   = INT ENTEREDPASSKEYINT	; 
RW 414   : 415   = INT ENTEREDPASSKEYINTDEFAULTVALUE	; 
R  416.0 	 = BOOL CANOPENOUTSIDEDOORS	; 
R  416.1 	 = BOOL ALARMON	; 
R  416.2 	 = BOOL ALARMBLINK	; 
R  417   : 497   = STRING PASSKEYDEFAULTVALUE [81]{0..80}	; 
	R417	  > STRING PASSKEYDEFAULTVALUE[0]{0}
	R418	  > STRING PASSKEYDEFAULTVALUE[1]{1}
	R419	  > STRING PASSKEYDEFAULTVALUE[2]{2}
	R420	  > STRING PASSKEYDEFAULTVALUE[3]{3}
	R421	  > STRING PASSKEYDEFAULTVALUE[4]{4}
	R422	  > STRING PASSKEYDEFAULTVALUE[5]{5}
	R423	  > STRING PASSKEYDEFAULTVALUE[6]{6}
	R424	  > STRING PASSKEYDEFAULTVALUE[7]{7}
	R425	  > STRING PASSKEYDEFAULTVALUE[8]{8}
	R426	  > STRING PASSKEYDEFAULTVALUE[9]{9}
	R427	  > STRING PASSKEYDEFAULTVALUE[10]{10}
	R428	  > STRING PASSKEYDEFAULTVALUE[11]{11}
	R429	  > STRING PASSKEYDEFAULTVALUE[12]{12}
	R430	  > STRING PASSKEYDEFAULTVALUE[13]{13}
	R431	  > STRING PASSKEYDEFAULTVALUE[14]{14}
	R432	  > STRING PASSKEYDEFAULTVALUE[15]{15}
	R433	  > STRING PASSKEYDEFAULTVALUE[16]{16}
	R434	  > STRING PASSKEYDEFAULTVALUE[17]{17}
	R435	  > STRING PASSKEYDEFAULTVALUE[18]{18}
	R436	  > STRING PASSKEYDEFAULTVALUE[19]{19}
	R437	  > STRING PASSKEYDEFAULTVALUE[20]{20}
	R438	  > STRING PASSKEYDEFAULTVALUE[21]{21}
	R439	  > STRING PASSKEYDEFAULTVALUE[22]{22}
	R440	  > STRING PASSKEYDEFAULTVALUE[23]{23}
	R441	  > STRING PASSKEYDEFAULTVALUE[24]{24}
	R442	  > STRING PASSKEYDEFAULTVALUE[25]{25}
	R443	  > STRING PASSKEYDEFAULTVALUE[26]{26}
	R444	  > STRING PASSKEYDEFAULTVALUE[27]{27}
	R445	  > STRING PASSKEYDEFAULTVALUE[28]{28}
	R446	  > STRING PASSKEYDEFAULTVALUE[29]{29}
	R447	  > STRING PASSKEYDEFAULTVALUE[30]{30}
	R448	  > STRING PASSKEYDEFAULTVALUE[31]{31}
	R449	  > STRING PASSKEYDEFAULTVALUE[32]{32}
	R450	  > STRING PASSKEYDEFAULTVALUE[33]{33}
	R451	  > STRING PASSKEYDEFAULTVALUE[34]{34}
	R452	  > STRING PASSKEYDEFAULTVALUE[35]{35}
	R453	  > STRING PASSKEYDEFAULTVALUE[36]{36}
	R454	  > STRING PASSKEYDEFAULTVALUE[37]{37}
	R455	  > STRING PASSKEYDEFAULTVALUE[38]{38}
	R456	  > STRING PASSKEYDEFAULTVALUE[39]{39}
	R457	  > STRING PASSKEYDEFAULTVALUE[40]{40}
	R458	  > STRING PASSKEYDEFAULTVALUE[41]{41}
	R459	  > STRING PASSKEYDEFAULTVALUE[42]{42}
	R460	  > STRING PASSKEYDEFAULTVALUE[43]{43}
	R461	  > STRING PASSKEYDEFAULTVALUE[44]{44}
	R462	  > STRING PASSKEYDEFAULTVALUE[45]{45}
	R463	  > STRING PASSKEYDEFAULTVALUE[46]{46}
	R464	  > STRING PASSKEYDEFAULTVALUE[47]{47}
	R465	  > STRING PASSKEYDEFAULTVALUE[48]{48}
	R466	  > STRING PASSKEYDEFAULTVALUE[49]{49}
	R467	  > STRING PASSKEYDEFAULTVALUE[50]{50}
	R468	  > STRING PASSKEYDEFAULTVALUE[51]{51}
	R469	  > STRING PASSKEYDEFAULTVALUE[52]{52}
	R470	  > STRING PASSKEYDEFAULTVALUE[53]{53}
	R471	  > STRING PASSKEYDEFAULTVALUE[54]{54}
	R472	  > STRING PASSKEYDEFAULTVALUE[55]{55}
	R473	  > STRING PASSKEYDEFAULTVALUE[56]{56}
	R474	  > STRING PASSKEYDEFAULTVALUE[57]{57}
	R475	  > STRING PASSKEYDEFAULTVALUE[58]{58}
	R476	  > STRING PASSKEYDEFAULTVALUE[59]{59}
	R477	  > STRING PASSKEYDEFAULTVALUE[60]{60}
	R478	  > STRING PASSKEYDEFAULTVALUE[61]{61}
	R479	  > STRING PASSKEYDEFAULTVALUE[62]{62}
	R480	  > STRING PASSKEYDEFAULTVALUE[63]{63}
	R481	  > STRING PASSKEYDEFAULTVALUE[64]{64}
	R482	  > STRING PASSKEYDEFAULTVALUE[65]{65}
	R483	  > STRING PASSKEYDEFAULTVALUE[66]{66}
	R484	  > STRING PASSKEYDEFAULTVALUE[67]{67}
	R485	  > STRING PASSKEYDEFAULTVALUE[68]{68}
	R486	  > STRING PASSKEYDEFAULTVALUE[69]{69}
	R487	  > STRING PASSKEYDEFAULTVALUE[70]{70}
	R488	  > STRING PASSKEYDEFAULTVALUE[71]{71}
	R489	  > STRING PASSKEYDEFAULTVALUE[72]{72}
	R490	  > STRING PASSKEYDEFAULTVALUE[73]{73}
	R491	  > STRING PASSKEYDEFAULTVALUE[74]{74}
	R492	  > STRING PASSKEYDEFAULTVALUE[75]{75}
	R493	  > STRING PASSKEYDEFAULTVALUE[76]{76}
	R494	  > STRING PASSKEYDEFAULTVALUE[77]{77}
	R495	  > STRING PASSKEYDEFAULTVALUE[78]{78}
	R496	  > STRING PASSKEYDEFAULTVALUE[79]{79}
	R497	  > STRING PASSKEYDEFAULTVALUE[80]{80}
RW 498   : 499   = INT ALARMTIMEROFFSEC	; 
RW 500   : 501   = INT DEFAULTALARMTIMEROFFSEC	; 
RL 502   : 505   = DINT INSIDETEMPERATURE	; 
R  506.0 	 = BOOL HEATING	; 
RL 507   : 510   = DINT OUTSIDETEMPERATURE	; 
RL 511   : 514   = DINT DESIRED_TEMPERATURE	; 
R  515.0 	 = BOOL COOLING	; 
R  515.1 	 = BOOL MASTERLIGHTSWITCHON	; 
R  515.2 	 = BOOL MASTERLIGHTSWITCHOFF	; 
R  515.3 	 = BOOL BEDROOMLIGHTSWITCH	; 
R  515.4 	 = BOOL CHILDTOPROOMLIGHTSWITCH	; 
R  515.5 	 = BOOL GARAGELIGHTSWITCH	; 
R  515.6 	 = BOOL CHILDMIDDLEROOMLIGHTSWITCH	; 
R  515.7 	 = BOOL BATHROOMLIGHTSWITCH	; 
R  516.0 	 = BOOL HALLLIGHTSWITCH	; 
R  516.1 	 = BOOL WCLIGHTSWITCH	; 
R  516.2 	 = BOOL KITCHENLIGHTSWITCH	; 
R  516.3 	 = BOOL PATIOLIGHTSWITCH	; 
R  516.4 	 = BOOL LIVINGROOMLIGHTSWITCH	; 
R  516.5 	 = BOOL OUTSIDELIGHTSWITCH	; 
R  516.6 	 = BOOL CELLARLIGHTSWITCH	; 
R  516.7 	 = BOOL GARAGEGATESWITCH	; 
R  517.0 	 = BOOL GARAGEDOORSWITCH	; 
R  517.1 	 = BOOL FRONTDOORSWITCH	; 
R  517.2 	 = BOOL PATIODOORSWITCH	; 
RW 518   : 519   = INT SECSINMIN	; 
RW 520   : 521   = INT MODTIME	; 
RL 522   : 525   = DINT MODTEMP	; 
R  526.0 	 = BOOL RANDOM	; 
R  526.1 	 = BOOL CANCALLTEMPERATURECHANGE	; 
R  527   : 607   = STRING TEXTALLON [81]{0..80}	; 
	R527	  > STRING TEXTALLON[0]{0}
	R528	  > STRING TEXTALLON[1]{1}
	R529	  > STRING TEXTALLON[2]{2}
	R530	  > STRING TEXTALLON[3]{3}
	R531	  > STRING TEXTALLON[4]{4}
	R532	  > STRING TEXTALLON[5]{5}
	R533	  > STRING TEXTALLON[6]{6}
	R534	  > STRING TEXTALLON[7]{7}
	R535	  > STRING TEXTALLON[8]{8}
	R536	  > STRING TEXTALLON[9]{9}
	R537	  > STRING TEXTALLON[10]{10}
	R538	  > STRING TEXTALLON[11]{11}
	R539	  > STRING TEXTALLON[12]{12}
	R540	  > STRING TEXTALLON[13]{13}
	R541	  > STRING TEXTALLON[14]{14}
	R542	  > STRING TEXTALLON[15]{15}
	R543	  > STRING TEXTALLON[16]{16}
	R544	  > STRING TEXTALLON[17]{17}
	R545	  > STRING TEXTALLON[18]{18}
	R546	  > STRING TEXTALLON[19]{19}
	R547	  > STRING TEXTALLON[20]{20}
	R548	  > STRING TEXTALLON[21]{21}
	R549	  > STRING TEXTALLON[22]{22}
	R550	  > STRING TEXTALLON[23]{23}
	R551	  > STRING TEXTALLON[24]{24}
	R552	  > STRING TEXTALLON[25]{25}
	R553	  > STRING TEXTALLON[26]{26}
	R554	  > STRING TEXTALLON[27]{27}
	R555	  > STRING TEXTALLON[28]{28}
	R556	  > STRING TEXTALLON[29]{29}
	R557	  > STRING TEXTALLON[30]{30}
	R558	  > STRING TEXTALLON[31]{31}
	R559	  > STRING TEXTALLON[32]{32}
	R560	  > STRING TEXTALLON[33]{33}
	R561	  > STRING TEXTALLON[34]{34}
	R562	  > STRING TEXTALLON[35]{35}
	R563	  > STRING TEXTALLON[36]{36}
	R564	  > STRING TEXTALLON[37]{37}
	R565	  > STRING TEXTALLON[38]{38}
	R566	  > STRING TEXTALLON[39]{39}
	R567	  > STRING TEXTALLON[40]{40}
	R568	  > STRING TEXTALLON[41]{41}
	R569	  > STRING TEXTALLON[42]{42}
	R570	  > STRING TEXTALLON[43]{43}
	R571	  > STRING TEXTALLON[44]{44}
	R572	  > STRING TEXTALLON[45]{45}
	R573	  > STRING TEXTALLON[46]{46}
	R574	  > STRING TEXTALLON[47]{47}
	R575	  > STRING TEXTALLON[48]{48}
	R576	  > STRING TEXTALLON[49]{49}
	R577	  > STRING TEXTALLON[50]{50}
	R578	  > STRING TEXTALLON[51]{51}
	R579	  > STRING TEXTALLON[52]{52}
	R580	  > STRING TEXTALLON[53]{53}
	R581	  > STRING TEXTALLON[54]{54}
	R582	  > STRING TEXTALLON[55]{55}
	R583	  > STRING TEXTALLON[56]{56}
	R584	  > STRING TEXTALLON[57]{57}
	R585	  > STRING TEXTALLON[58]{58}
	R586	  > STRING TEXTALLON[59]{59}
	R587	  > STRING TEXTALLON[60]{60}
	R588	  > STRING TEXTALLON[61]{61}
	R589	  > STRING TEXTALLON[62]{62}
	R590	  > STRING TEXTALLON[63]{63}
	R591	  > STRING TEXTALLON[64]{64}
	R592	  > STRING TEXTALLON[65]{65}
	R593	  > STRING TEXTALLON[66]{66}
	R594	  > STRING TEXTALLON[67]{67}
	R595	  > STRING TEXTALLON[68]{68}
	R596	  > STRING TEXTALLON[69]{69}
	R597	  > STRING TEXTALLON[70]{70}
	R598	  > STRING TEXTALLON[71]{71}
	R599	  > STRING TEXTALLON[72]{72}
	R600	  > STRING TEXTALLON[73]{73}
	R601	  > STRING TEXTALLON[74]{74}
	R602	  > STRING TEXTALLON[75]{75}
	R603	  > STRING TEXTALLON[76]{76}
	R604	  > STRING TEXTALLON[77]{77}
	R605	  > STRING TEXTALLON[78]{78}
	R606	  > STRING TEXTALLON[79]{79}
	R607	  > STRING TEXTALLON[80]{80}
R  608   : 688   = STRING TEXTALLOFF [81]{0..80}	; 
	R608	  > STRING TEXTALLOFF[0]{0}
	R609	  > STRING TEXTALLOFF[1]{1}
	R610	  > STRING TEXTALLOFF[2]{2}
	R611	  > STRING TEXTALLOFF[3]{3}
	R612	  > STRING TEXTALLOFF[4]{4}
	R613	  > STRING TEXTALLOFF[5]{5}
	R614	  > STRING TEXTALLOFF[6]{6}
	R615	  > STRING TEXTALLOFF[7]{7}
	R616	  > STRING TEXTALLOFF[8]{8}
	R617	  > STRING TEXTALLOFF[9]{9}
	R618	  > STRING TEXTALLOFF[10]{10}
	R619	  > STRING TEXTALLOFF[11]{11}
	R620	  > STRING TEXTALLOFF[12]{12}
	R621	  > STRING TEXTALLOFF[13]{13}
	R622	  > STRING TEXTALLOFF[14]{14}
	R623	  > STRING TEXTALLOFF[15]{15}
	R624	  > STRING TEXTALLOFF[16]{16}
	R625	  > STRING TEXTALLOFF[17]{17}
	R626	  > STRING TEXTALLOFF[18]{18}
	R627	  > STRING TEXTALLOFF[19]{19}
	R628	  > STRING TEXTALLOFF[20]{20}
	R629	  > STRING TEXTALLOFF[21]{21}
	R630	  > STRING TEXTALLOFF[22]{22}
	R631	  > STRING TEXTALLOFF[23]{23}
	R632	  > STRING TEXTALLOFF[24]{24}
	R633	  > STRING TEXTALLOFF[25]{25}
	R634	  > STRING TEXTALLOFF[26]{26}
	R635	  > STRING TEXTALLOFF[27]{27}
	R636	  > STRING TEXTALLOFF[28]{28}
	R637	  > STRING TEXTALLOFF[29]{29}
	R638	  > STRING TEXTALLOFF[30]{30}
	R639	  > STRING TEXTALLOFF[31]{31}
	R640	  > STRING TEXTALLOFF[32]{32}
	R641	  > STRING TEXTALLOFF[33]{33}
	R642	  > STRING TEXTALLOFF[34]{34}
	R643	  > STRING TEXTALLOFF[35]{35}
	R644	  > STRING TEXTALLOFF[36]{36}
	R645	  > STRING TEXTALLOFF[37]{37}
	R646	  > STRING TEXTALLOFF[38]{38}
	R647	  > STRING TEXTALLOFF[39]{39}
	R648	  > STRING TEXTALLOFF[40]{40}
	R649	  > STRING TEXTALLOFF[41]{41}
	R650	  > STRING TEXTALLOFF[42]{42}
	R651	  > STRING TEXTALLOFF[43]{43}
	R652	  > STRING TEXTALLOFF[44]{44}
	R653	  > STRING TEXTALLOFF[45]{45}
	R654	  > STRING TEXTALLOFF[46]{46}
	R655	  > STRING TEXTALLOFF[47]{47}
	R656	  > STRING TEXTALLOFF[48]{48}
	R657	  > STRING TEXTALLOFF[49]{49}
	R658	  > STRING TEXTALLOFF[50]{50}
	R659	  > STRING TEXTALLOFF[51]{51}
	R660	  > STRING TEXTALLOFF[52]{52}
	R661	  > STRING TEXTALLOFF[53]{53}
	R662	  > STRING TEXTALLOFF[54]{54}
	R663	  > STRING TEXTALLOFF[55]{55}
	R664	  > STRING TEXTALLOFF[56]{56}
	R665	  > STRING TEXTALLOFF[57]{57}
	R666	  > STRING TEXTALLOFF[58]{58}
	R667	  > STRING TEXTALLOFF[59]{59}
	R668	  > STRING TEXTALLOFF[60]{60}
	R669	  > STRING TEXTALLOFF[61]{61}
	R670	  > STRING TEXTALLOFF[62]{62}
	R671	  > STRING TEXTALLOFF[63]{63}
	R672	  > STRING TEXTALLOFF[64]{64}
	R673	  > STRING TEXTALLOFF[65]{65}
	R674	  > STRING TEXTALLOFF[66]{66}
	R675	  > STRING TEXTALLOFF[67]{67}
	R676	  > STRING TEXTALLOFF[68]{68}
	R677	  > STRING TEXTALLOFF[69]{69}
	R678	  > STRING TEXTALLOFF[70]{70}
	R679	  > STRING TEXTALLOFF[71]{71}
	R680	  > STRING TEXTALLOFF[72]{72}
	R681	  > STRING TEXTALLOFF[73]{73}
	R682	  > STRING TEXTALLOFF[74]{74}
	R683	  > STRING TEXTALLOFF[75]{75}
	R684	  > STRING TEXTALLOFF[76]{76}
	R685	  > STRING TEXTALLOFF[77]{77}
	R686	  > STRING TEXTALLOFF[78]{78}
	R687	  > STRING TEXTALLOFF[79]{79}
	R688	  > STRING TEXTALLOFF[80]{80}
R  689   : 769   = STRING TEXTOUTSIDELIGHTS [81]{0..80}	; 
	R689	  > STRING TEXTOUTSIDELIGHTS[0]{0}
	R690	  > STRING TEXTOUTSIDELIGHTS[1]{1}
	R691	  > STRING TEXTOUTSIDELIGHTS[2]{2}
	R692	  > STRING TEXTOUTSIDELIGHTS[3]{3}
	R693	  > STRING TEXTOUTSIDELIGHTS[4]{4}
	R694	  > STRING TEXTOUTSIDELIGHTS[5]{5}
	R695	  > STRING TEXTOUTSIDELIGHTS[6]{6}
	R696	  > STRING TEXTOUTSIDELIGHTS[7]{7}
	R697	  > STRING TEXTOUTSIDELIGHTS[8]{8}
	R698	  > STRING TEXTOUTSIDELIGHTS[9]{9}
	R699	  > STRING TEXTOUTSIDELIGHTS[10]{10}
	R700	  > STRING TEXTOUTSIDELIGHTS[11]{11}
	R701	  > STRING TEXTOUTSIDELIGHTS[12]{12}
	R702	  > STRING TEXTOUTSIDELIGHTS[13]{13}
	R703	  > STRING TEXTOUTSIDELIGHTS[14]{14}
	R704	  > STRING TEXTOUTSIDELIGHTS[15]{15}
	R705	  > STRING TEXTOUTSIDELIGHTS[16]{16}
	R706	  > STRING TEXTOUTSIDELIGHTS[17]{17}
	R707	  > STRING TEXTOUTSIDELIGHTS[18]{18}
	R708	  > STRING TEXTOUTSIDELIGHTS[19]{19}
	R709	  > STRING TEXTOUTSIDELIGHTS[20]{20}
	R710	  > STRING TEXTOUTSIDELIGHTS[21]{21}
	R711	  > STRING TEXTOUTSIDELIGHTS[22]{22}
	R712	  > STRING TEXTOUTSIDELIGHTS[23]{23}
	R713	  > STRING TEXTOUTSIDELIGHTS[24]{24}
	R714	  > STRING TEXTOUTSIDELIGHTS[25]{25}
	R715	  > STRING TEXTOUTSIDELIGHTS[26]{26}
	R716	  > STRING TEXTOUTSIDELIGHTS[27]{27}
	R717	  > STRING TEXTOUTSIDELIGHTS[28]{28}
	R718	  > STRING TEXTOUTSIDELIGHTS[29]{29}
	R719	  > STRING TEXTOUTSIDELIGHTS[30]{30}
	R720	  > STRING TEXTOUTSIDELIGHTS[31]{31}
	R721	  > STRING TEXTOUTSIDELIGHTS[32]{32}
	R722	  > STRING TEXTOUTSIDELIGHTS[33]{33}
	R723	  > STRING TEXTOUTSIDELIGHTS[34]{34}
	R724	  > STRING TEXTOUTSIDELIGHTS[35]{35}
	R725	  > STRING TEXTOUTSIDELIGHTS[36]{36}
	R726	  > STRING TEXTOUTSIDELIGHTS[37]{37}
	R727	  > STRING TEXTOUTSIDELIGHTS[38]{38}
	R728	  > STRING TEXTOUTSIDELIGHTS[39]{39}
	R729	  > STRING TEXTOUTSIDELIGHTS[40]{40}
	R730	  > STRING TEXTOUTSIDELIGHTS[41]{41}
	R731	  > STRING TEXTOUTSIDELIGHTS[42]{42}
	R732	  > STRING TEXTOUTSIDELIGHTS[43]{43}
	R733	  > STRING TEXTOUTSIDELIGHTS[44]{44}
	R734	  > STRING TEXTOUTSIDELIGHTS[45]{45}
	R735	  > STRING TEXTOUTSIDELIGHTS[46]{46}
	R736	  > STRING TEXTOUTSIDELIGHTS[47]{47}
	R737	  > STRING TEXTOUTSIDELIGHTS[48]{48}
	R738	  > STRING TEXTOUTSIDELIGHTS[49]{49}
	R739	  > STRING TEXTOUTSIDELIGHTS[50]{50}
	R740	  > STRING TEXTOUTSIDELIGHTS[51]{51}
	R741	  > STRING TEXTOUTSIDELIGHTS[52]{52}
	R742	  > STRING TEXTOUTSIDELIGHTS[53]{53}
	R743	  > STRING TEXTOUTSIDELIGHTS[54]{54}
	R744	  > STRING TEXTOUTSIDELIGHTS[55]{55}
	R745	  > STRING TEXTOUTSIDELIGHTS[56]{56}
	R746	  > STRING TEXTOUTSIDELIGHTS[57]{57}
	R747	  > STRING TEXTOUTSIDELIGHTS[58]{58}
	R748	  > STRING TEXTOUTSIDELIGHTS[59]{59}
	R749	  > STRING TEXTOUTSIDELIGHTS[60]{60}
	R750	  > STRING TEXTOUTSIDELIGHTS[61]{61}
	R751	  > STRING TEXTOUTSIDELIGHTS[62]{62}
	R752	  > STRING TEXTOUTSIDELIGHTS[63]{63}
	R753	  > STRING TEXTOUTSIDELIGHTS[64]{64}
	R754	  > STRING TEXTOUTSIDELIGHTS[65]{65}
	R755	  > STRING TEXTOUTSIDELIGHTS[66]{66}
	R756	  > STRING TEXTOUTSIDELIGHTS[67]{67}
	R757	  > STRING TEXTOUTSIDELIGHTS[68]{68}
	R758	  > STRING TEXTOUTSIDELIGHTS[69]{69}
	R759	  > STRING TEXTOUTSIDELIGHTS[70]{70}
	R760	  > STRING TEXTOUTSIDELIGHTS[71]{71}
	R761	  > STRING TEXTOUTSIDELIGHTS[72]{72}
	R762	  > STRING TEXTOUTSIDELIGHTS[73]{73}
	R763	  > STRING TEXTOUTSIDELIGHTS[74]{74}
	R764	  > STRING TEXTOUTSIDELIGHTS[75]{75}
	R765	  > STRING TEXTOUTSIDELIGHTS[76]{76}
	R766	  > STRING TEXTOUTSIDELIGHTS[77]{77}
	R767	  > STRING TEXTOUTSIDELIGHTS[78]{78}
	R768	  > STRING TEXTOUTSIDELIGHTS[79]{79}
	R769	  > STRING TEXTOUTSIDELIGHTS[80]{80}
R  770   : 850   = STRING TEXTPASSKEY [81]{0..80}	; 
	R770	  > STRING TEXTPASSKEY[0]{0}
	R771	  > STRING TEXTPASSKEY[1]{1}
	R772	  > STRING TEXTPASSKEY[2]{2}
	R773	  > STRING TEXTPASSKEY[3]{3}
	R774	  > STRING TEXTPASSKEY[4]{4}
	R775	  > STRING TEXTPASSKEY[5]{5}
	R776	  > STRING TEXTPASSKEY[6]{6}
	R777	  > STRING TEXTPASSKEY[7]{7}
	R778	  > STRING TEXTPASSKEY[8]{8}
	R779	  > STRING TEXTPASSKEY[9]{9}
	R780	  > STRING TEXTPASSKEY[10]{10}
	R781	  > STRING TEXTPASSKEY[11]{11}
	R782	  > STRING TEXTPASSKEY[12]{12}
	R783	  > STRING TEXTPASSKEY[13]{13}
	R784	  > STRING TEXTPASSKEY[14]{14}
	R785	  > STRING TEXTPASSKEY[15]{15}
	R786	  > STRING TEXTPASSKEY[16]{16}
	R787	  > STRING TEXTPASSKEY[17]{17}
	R788	  > STRING TEXTPASSKEY[18]{18}
	R789	  > STRING TEXTPASSKEY[19]{19}
	R790	  > STRING TEXTPASSKEY[20]{20}
	R791	  > STRING TEXTPASSKEY[21]{21}
	R792	  > STRING TEXTPASSKEY[22]{22}
	R793	  > STRING TEXTPASSKEY[23]{23}
	R794	  > STRING TEXTPASSKEY[24]{24}
	R795	  > STRING TEXTPASSKEY[25]{25}
	R796	  > STRING TEXTPASSKEY[26]{26}
	R797	  > STRING TEXTPASSKEY[27]{27}
	R798	  > STRING TEXTPASSKEY[28]{28}
	R799	  > STRING TEXTPASSKEY[29]{29}
	R800	  > STRING TEXTPASSKEY[30]{30}
	R801	  > STRING TEXTPASSKEY[31]{31}
	R802	  > STRING TEXTPASSKEY[32]{32}
	R803	  > STRING TEXTPASSKEY[33]{33}
	R804	  > STRING TEXTPASSKEY[34]{34}
	R805	  > STRING TEXTPASSKEY[35]{35}
	R806	  > STRING TEXTPASSKEY[36]{36}
	R807	  > STRING TEXTPASSKEY[37]{37}
	R808	  > STRING TEXTPASSKEY[38]{38}
	R809	  > STRING TEXTPASSKEY[39]{39}
	R810	  > STRING TEXTPASSKEY[40]{40}
	R811	  > STRING TEXTPASSKEY[41]{41}
	R812	  > STRING TEXTPASSKEY[42]{42}
	R813	  > STRING TEXTPASSKEY[43]{43}
	R814	  > STRING TEXTPASSKEY[44]{44}
	R815	  > STRING TEXTPASSKEY[45]{45}
	R816	  > STRING TEXTPASSKEY[46]{46}
	R817	  > STRING TEXTPASSKEY[47]{47}
	R818	  > STRING TEXTPASSKEY[48]{48}
	R819	  > STRING TEXTPASSKEY[49]{49}
	R820	  > STRING TEXTPASSKEY[50]{50}
	R821	  > STRING TEXTPASSKEY[51]{51}
	R822	  > STRING TEXTPASSKEY[52]{52}
	R823	  > STRING TEXTPASSKEY[53]{53}
	R824	  > STRING TEXTPASSKEY[54]{54}
	R825	  > STRING TEXTPASSKEY[55]{55}
	R826	  > STRING TEXTPASSKEY[56]{56}
	R827	  > STRING TEXTPASSKEY[57]{57}
	R828	  > STRING TEXTPASSKEY[58]{58}
	R829	  > STRING TEXTPASSKEY[59]{59}
	R830	  > STRING TEXTPASSKEY[60]{60}
	R831	  > STRING TEXTPASSKEY[61]{61}
	R832	  > STRING TEXTPASSKEY[62]{62}
	R833	  > STRING TEXTPASSKEY[63]{63}
	R834	  > STRING TEXTPASSKEY[64]{64}
	R835	  > STRING TEXTPASSKEY[65]{65}
	R836	  > STRING TEXTPASSKEY[66]{66}
	R837	  > STRING TEXTPASSKEY[67]{67}
	R838	  > STRING TEXTPASSKEY[68]{68}
	R839	  > STRING TEXTPASSKEY[69]{69}
	R840	  > STRING TEXTPASSKEY[70]{70}
	R841	  > STRING TEXTPASSKEY[71]{71}
	R842	  > STRING TEXTPASSKEY[72]{72}
	R843	  > STRING TEXTPASSKEY[73]{73}
	R844	  > STRING TEXTPASSKEY[74]{74}
	R845	  > STRING TEXTPASSKEY[75]{75}
	R846	  > STRING TEXTPASSKEY[76]{76}
	R847	  > STRING TEXTPASSKEY[77]{77}
	R848	  > STRING TEXTPASSKEY[78]{78}
	R849	  > STRING TEXTPASSKEY[79]{79}
	R850	  > STRING TEXTPASSKEY[80]{80}
R  851   : 931   = STRING TEXTLIGHTS [81]{0..80}	; 
	R851	  > STRING TEXTLIGHTS[0]{0}
	R852	  > STRING TEXTLIGHTS[1]{1}
	R853	  > STRING TEXTLIGHTS[2]{2}
	R854	  > STRING TEXTLIGHTS[3]{3}
	R855	  > STRING TEXTLIGHTS[4]{4}
	R856	  > STRING TEXTLIGHTS[5]{5}
	R857	  > STRING TEXTLIGHTS[6]{6}
	R858	  > STRING TEXTLIGHTS[7]{7}
	R859	  > STRING TEXTLIGHTS[8]{8}
	R860	  > STRING TEXTLIGHTS[9]{9}
	R861	  > STRING TEXTLIGHTS[10]{10}
	R862	  > STRING TEXTLIGHTS[11]{11}
	R863	  > STRING TEXTLIGHTS[12]{12}
	R864	  > STRING TEXTLIGHTS[13]{13}
	R865	  > STRING TEXTLIGHTS[14]{14}
	R866	  > STRING TEXTLIGHTS[15]{15}
	R867	  > STRING TEXTLIGHTS[16]{16}
	R868	  > STRING TEXTLIGHTS[17]{17}
	R869	  > STRING TEXTLIGHTS[18]{18}
	R870	  > STRING TEXTLIGHTS[19]{19}
	R871	  > STRING TEXTLIGHTS[20]{20}
	R872	  > STRING TEXTLIGHTS[21]{21}
	R873	  > STRING TEXTLIGHTS[22]{22}
	R874	  > STRING TEXTLIGHTS[23]{23}
	R875	  > STRING TEXTLIGHTS[24]{24}
	R876	  > STRING TEXTLIGHTS[25]{25}
	R877	  > STRING TEXTLIGHTS[26]{26}
	R878	  > STRING TEXTLIGHTS[27]{27}
	R879	  > STRING TEXTLIGHTS[28]{28}
	R880	  > STRING TEXTLIGHTS[29]{29}
	R881	  > STRING TEXTLIGHTS[30]{30}
	R882	  > STRING TEXTLIGHTS[31]{31}
	R883	  > STRING TEXTLIGHTS[32]{32}
	R884	  > STRING TEXTLIGHTS[33]{33}
	R885	  > STRING TEXTLIGHTS[34]{34}
	R886	  > STRING TEXTLIGHTS[35]{35}
	R887	  > STRING TEXTLIGHTS[36]{36}
	R888	  > STRING TEXTLIGHTS[37]{37}
	R889	  > STRING TEXTLIGHTS[38]{38}
	R890	  > STRING TEXTLIGHTS[39]{39}
	R891	  > STRING TEXTLIGHTS[40]{40}
	R892	  > STRING TEXTLIGHTS[41]{41}
	R893	  > STRING TEXTLIGHTS[42]{42}
	R894	  > STRING TEXTLIGHTS[43]{43}
	R895	  > STRING TEXTLIGHTS[44]{44}
	R896	  > STRING TEXTLIGHTS[45]{45}
	R897	  > STRING TEXTLIGHTS[46]{46}
	R898	  > STRING TEXTLIGHTS[47]{47}
	R899	  > STRING TEXTLIGHTS[48]{48}
	R900	  > STRING TEXTLIGHTS[49]{49}
	R901	  > STRING TEXTLIGHTS[50]{50}
	R902	  > STRING TEXTLIGHTS[51]{51}
	R903	  > STRING TEXTLIGHTS[52]{52}
	R904	  > STRING TEXTLIGHTS[53]{53}
	R905	  > STRING TEXTLIGHTS[54]{54}
	R906	  > STRING TEXTLIGHTS[55]{55}
	R907	  > STRING TEXTLIGHTS[56]{56}
	R908	  > STRING TEXTLIGHTS[57]{57}
	R909	  > STRING TEXTLIGHTS[58]{58}
	R910	  > STRING TEXTLIGHTS[59]{59}
	R911	  > STRING TEXTLIGHTS[60]{60}
	R912	  > STRING TEXTLIGHTS[61]{61}
	R913	  > STRING TEXTLIGHTS[62]{62}
	R914	  > STRING TEXTLIGHTS[63]{63}
	R915	  > STRING TEXTLIGHTS[64]{64}
	R916	  > STRING TEXTLIGHTS[65]{65}
	R917	  > STRING TEXTLIGHTS[66]{66}
	R918	  > STRING TEXTLIGHTS[67]{67}
	R919	  > STRING TEXTLIGHTS[68]{68}
	R920	  > STRING TEXTLIGHTS[69]{69}
	R921	  > STRING TEXTLIGHTS[70]{70}
	R922	  > STRING TEXTLIGHTS[71]{71}
	R923	  > STRING TEXTLIGHTS[72]{72}
	R924	  > STRING TEXTLIGHTS[73]{73}
	R925	  > STRING TEXTLIGHTS[74]{74}
	R926	  > STRING TEXTLIGHTS[75]{75}
	R927	  > STRING TEXTLIGHTS[76]{76}
	R928	  > STRING TEXTLIGHTS[77]{77}
	R929	  > STRING TEXTLIGHTS[78]{78}
	R930	  > STRING TEXTLIGHTS[79]{79}
	R931	  > STRING TEXTLIGHTS[80]{80}
R  932   :1012   = STRING TEXTSECURITYSYSTEM [81]{0..80}	; 
	R932	  > STRING TEXTSECURITYSYSTEM[0]{0}
	R933	  > STRING TEXTSECURITYSYSTEM[1]{1}
	R934	  > STRING TEXTSECURITYSYSTEM[2]{2}
	R935	  > STRING TEXTSECURITYSYSTEM[3]{3}
	R936	  > STRING TEXTSECURITYSYSTEM[4]{4}
	R937	  > STRING TEXTSECURITYSYSTEM[5]{5}
	R938	  > STRING TEXTSECURITYSYSTEM[6]{6}
	R939	  > STRING TEXTSECURITYSYSTEM[7]{7}
	R940	  > STRING TEXTSECURITYSYSTEM[8]{8}
	R941	  > STRING TEXTSECURITYSYSTEM[9]{9}
	R942	  > STRING TEXTSECURITYSYSTEM[10]{10}
	R943	  > STRING TEXTSECURITYSYSTEM[11]{11}
	R944	  > STRING TEXTSECURITYSYSTEM[12]{12}
	R945	  > STRING TEXTSECURITYSYSTEM[13]{13}
	R946	  > STRING TEXTSECURITYSYSTEM[14]{14}
	R947	  > STRING TEXTSECURITYSYSTEM[15]{15}
	R948	  > STRING TEXTSECURITYSYSTEM[16]{16}
	R949	  > STRING TEXTSECURITYSYSTEM[17]{17}
	R950	  > STRING TEXTSECURITYSYSTEM[18]{18}
	R951	  > STRING TEXTSECURITYSYSTEM[19]{19}
	R952	  > STRING TEXTSECURITYSYSTEM[20]{20}
	R953	  > STRING TEXTSECURITYSYSTEM[21]{21}
	R954	  > STRING TEXTSECURITYSYSTEM[22]{22}
	R955	  > STRING TEXTSECURITYSYSTEM[23]{23}
	R956	  > STRING TEXTSECURITYSYSTEM[24]{24}
	R957	  > STRING TEXTSECURITYSYSTEM[25]{25}
	R958	  > STRING TEXTSECURITYSYSTEM[26]{26}
	R959	  > STRING TEXTSECURITYSYSTEM[27]{27}
	R960	  > STRING TEXTSECURITYSYSTEM[28]{28}
	R961	  > STRING TEXTSECURITYSYSTEM[29]{29}
	R962	  > STRING TEXTSECURITYSYSTEM[30]{30}
	R963	  > STRING TEXTSECURITYSYSTEM[31]{31}
	R964	  > STRING TEXTSECURITYSYSTEM[32]{32}
	R965	  > STRING TEXTSECURITYSYSTEM[33]{33}
	R966	  > STRING TEXTSECURITYSYSTEM[34]{34}
	R967	  > STRING TEXTSECURITYSYSTEM[35]{35}
	R968	  > STRING TEXTSECURITYSYSTEM[36]{36}
	R969	  > STRING TEXTSECURITYSYSTEM[37]{37}
	R970	  > STRING TEXTSECURITYSYSTEM[38]{38}
	R971	  > STRING TEXTSECURITYSYSTEM[39]{39}
	R972	  > STRING TEXTSECURITYSYSTEM[40]{40}
	R973	  > STRING TEXTSECURITYSYSTEM[41]{41}
	R974	  > STRING TEXTSECURITYSYSTEM[42]{42}
	R975	  > STRING TEXTSECURITYSYSTEM[43]{43}
	R976	  > STRING TEXTSECURITYSYSTEM[44]{44}
	R977	  > STRING TEXTSECURITYSYSTEM[45]{45}
	R978	  > STRING TEXTSECURITYSYSTEM[46]{46}
	R979	  > STRING TEXTSECURITYSYSTEM[47]{47}
	R980	  > STRING TEXTSECURITYSYSTEM[48]{48}
	R981	  > STRING TEXTSECURITYSYSTEM[49]{49}
	R982	  > STRING TEXTSECURITYSYSTEM[50]{50}
	R983	  > STRING TEXTSECURITYSYSTEM[51]{51}
	R984	  > STRING TEXTSECURITYSYSTEM[52]{52}
	R985	  > STRING TEXTSECURITYSYSTEM[53]{53}
	R986	  > STRING TEXTSECURITYSYSTEM[54]{54}
	R987	  > STRING TEXTSECURITYSYSTEM[55]{55}
	R988	  > STRING TEXTSECURITYSYSTEM[56]{56}
	R989	  > STRING TEXTSECURITYSYSTEM[57]{57}
	R990	  > STRING TEXTSECURITYSYSTEM[58]{58}
	R991	  > STRING TEXTSECURITYSYSTEM[59]{59}
	R992	  > STRING TEXTSECURITYSYSTEM[60]{60}
	R993	  > STRING TEXTSECURITYSYSTEM[61]{61}
	R994	  > STRING TEXTSECURITYSYSTEM[62]{62}
	R995	  > STRING TEXTSECURITYSYSTEM[63]{63}
	R996	  > STRING TEXTSECURITYSYSTEM[64]{64}
	R997	  > STRING TEXTSECURITYSYSTEM[65]{65}
	R998	  > STRING TEXTSECURITYSYSTEM[66]{66}
	R999	  > STRING TEXTSECURITYSYSTEM[67]{67}
	R1000	  > STRING TEXTSECURITYSYSTEM[68]{68}
	R1001	  > STRING TEXTSECURITYSYSTEM[69]{69}
	R1002	  > STRING TEXTSECURITYSYSTEM[70]{70}
	R1003	  > STRING TEXTSECURITYSYSTEM[71]{71}
	R1004	  > STRING TEXTSECURITYSYSTEM[72]{72}
	R1005	  > STRING TEXTSECURITYSYSTEM[73]{73}
	R1006	  > STRING TEXTSECURITYSYSTEM[74]{74}
	R1007	  > STRING TEXTSECURITYSYSTEM[75]{75}
	R1008	  > STRING TEXTSECURITYSYSTEM[76]{76}
	R1009	  > STRING TEXTSECURITYSYSTEM[77]{77}
	R1010	  > STRING TEXTSECURITYSYSTEM[78]{78}
	R1011	  > STRING TEXTSECURITYSYSTEM[79]{79}
	R1012	  > STRING TEXTSECURITYSYSTEM[80]{80}
RL1013   :1016   = DINT SEED		;  Initial seed value
RL1017   :1020   = DINT A		;  Multiplier
RL1021   :1024   = DINT C		;  Increment
RL1025   :1028   = DINT M		;  Modulus (2^31)
RL1029   :1032   = DINT RANDOMVALUE	; 
R 1033   	 =TEST __INSTANCE__TEST	; 
	R1033.0	  > BOOL  __INSTANCE__TEST~__FC__TEST
R 1034   	 =HANDLELIGHTS __INSTANCE__HANDLELIGHTS	; 
	R1034.0	  > BOOL  __INSTANCE__HANDLELIGHTS~__FC__HANDLELIGHTS
R 1035   	 =HANDLEDAYNIGHTCYCLE __INSTANCE__HANDLEDAYNIGHTCYCLE	; 
	R1035.0	  > BOOL  __INSTANCE__HANDLEDAYNIGHTCYCLE~__FC__HANDLEDAYNIGHTCYCLE
R 1036   :1039   =PRNG __INSTANCE__PRNG	; 
	RL1036	  > DINT  __INSTANCE__PRNG~__FC__PRNG
R 1040   :1044   =HANDLETEMPERATURE __INSTANCE__HANDLETEMPERATURE	; 
	R1040.0	  > BOOL  __INSTANCE__HANDLETEMPERATURE~__FC__HANDLETEMPERATURE
	RL1041	  > DINT  __INSTANCE__HANDLETEMPERATURE~SEEDABS
R 1045   	 =HANDLESECURITY __INSTANCE__HANDLESECURITY	; 
	R1045.0	  > BOOL  __INSTANCE__HANDLESECURITY~__FC__HANDLESECURITY
RW1046   :1047   = WORD OI1073_NUMTEXTPT	; 
RW1048   :1049   = WORD OI1073_NUMTEXTOLDPT	; 
R 1050.0 	 = BOOL OI1073_NEWTEXT	; 
R 1051   :1187   =TIDSTRUCT_PM OI1073	; 
	RW1051	  > WORD  OI1073~_NUMTEXT
	RW1053	  > WORD  OI1073~_MINTEXT
	RW1055	  > WORD  OI1073~_MAXTEXT
	R1057	  > BYTE  OI1073~_ENABLEBITS
	R1058	  > BYTE  OI1073~_SIZEDISP
	R1059	  > BYTE  OI1073~_KEYBTER
	R1060	  > BYTE  OI1073~_INTERTER[0]{0}
	R1061	  > BYTE  OI1073~_INTERTER[1]{1}
	R1062	  > BYTE  OI1073~_INTERTER[2]{2}
	R1063	  > BYTE  OI1073~_INTERTER[3]{3}
	R1064	  > BYTE  OI1073~_INTERTER[4]{4}
	R1065	  > BYTE  OI1073~_INTERTER[5]{5}
	R1066	  > BYTE  OI1073~_INTERTER[6]{6}
	R1067	  > BYTE  OI1073~_INTERTER[7]{7}
	R1068	  > BYTE  OI1073~_INTERTER[8]{8}
	R1069	  > BYTE  OI1073~_INTERTER[9]{9}
	R1070	  > BYTE  OI1073~_INTERTER[10]{10}
	R1071	  > BYTE  OI1073~_INTERTER[11]{11}
	R1072	  > BYTE  OI1073~_INTERTER[12]{12}
	R1073	  > BYTE  OI1073~_INTERTER[13]{13}
	R1074	  > BYTE  OI1073~_INTERTER[14]{14}
	R1075	  > BYTE  OI1073~_INTERTER[15]{15}
	R1076	  > BYTE  OI1073~_INTERTER[16]{16}
	R1077	  > BYTE  OI1073~_INTERTER[17]{17}
	R1078	  > BYTE  OI1073~_INTERTER[18]{18}
	R1079	  > BYTE  OI1073~_INTERTER[19]{19}
	R1080	  > BYTE  OI1073~_INTERTER[20]{20}
	R1081	  > BYTE  OI1073~_INTERTER[21]{21}
	R1082	  > BYTE  OI1073~_INTERTER[22]{22}
	R1083	  > BYTE  OI1073~_INTERTER[23]{23}
	R1084	  > BYTE  OI1073~_INTERTER[24]{24}
	R1085	  > BYTE  OI1073~_INTERTER[25]{25}
	R1086	  > BYTE  OI1073~_INTERTER[26]{26}
	R1087	  > BYTE  OI1073~_INTERTER[27]{27}
	R1088	  > BYTE  OI1073~_INTERTER[28]{28}
	R1089	  > BYTE  OI1073~_INTERTER[29]{29}
	R1090	  > BYTE  OI1073~_INTERTER[30]{30}
	R1091	  > BYTE  OI1073~_INTERTER[31]{31}
	R1092	  > BYTE  OI1073~_INTERTER[32]{32}
	R1093	  > BYTE  OI1073~_INTERTER[33]{33}
	R1094	  > BYTE  OI1073~_INTERTER[34]{34}
	R1095	  > BYTE  OI1073~_INTERTER[35]{35}
	R1096	  > BYTE  OI1073~_INTERTER[36]{36}
	R1097	  > BYTE  OI1073~_INTERTER[37]{37}
	R1098	  > BYTE  OI1073~_INTERTER[38]{38}
	R1099	  > BYTE  OI1073~_INTERTER[39]{39}
	R1100	  > BYTE  OI1073~_INTERTER[40]{40}
	R1101	  > BYTE  OI1073~_INTERTER[41]{41}
	R1102	  > BYTE  OI1073~_INTERTER[42]{42}
	R1103	  > BYTE  OI1073~_INTERTER[43]{43}
	R1104	  > BYTE  OI1073~_INTERTER[44]{44}
	R1105	  > BYTE  OI1073~_INTERTER[45]{45}
	R1106	  > BYTE  OI1073~_INTERTER[46]{46}
	R1107	  > BYTE  OI1073~_INTERTER[47]{47}
	R1108	  > BYTE  OI1073~_INTERTER[48]{48}
	R1109	  > BYTE  OI1073~_INTERTER[49]{49}
	R1110	  > BYTE  OI1073~_INTERTER[50]{50}
	R1111	  > BYTE  OI1073~_INTERTER[51]{51}
	R1112	  > BYTE  OI1073~_INTERTER[52]{52}
	R1113	  > BYTE  OI1073~_INTERTER[53]{53}
	R1114	  > BYTE  OI1073~_INTERTER[54]{54}
	R1115	  > BYTE  OI1073~_INTERTER[55]{55}
	R1116	  > BYTE  OI1073~_INTERTER[56]{56}
	R1117	  > BYTE  OI1073~_INTERTER[57]{57}
	R1118	  > BYTE  OI1073~_INTERTER[58]{58}
	R1119	  > BYTE  OI1073~_INTERTER[59]{59}
	R1120	  > BYTE  OI1073~_INTERTER[60]{60}
	R1121	  > BYTE  OI1073~_INTERTER[61]{61}
	R1122	  > BYTE  OI1073~_INTERTER[62]{62}
	R1123	  > BYTE  OI1073~_INTERTER[63]{63}
	R1124	  > BYTE  OI1073~_INTERTER[64]{64}
	R1125	  > BYTE  OI1073~_INTERTER[65]{65}
	R1126	  > BYTE  OI1073~_INTERTER[66]{66}
	R1127	  > BYTE  OI1073~_INTERTER[67]{67}
	R1128	  > BYTE  OI1073~_INTERTER[68]{68}
	R1129	  > BYTE  OI1073~_INTERTER[69]{69}
	R1130	  > BYTE  OI1073~_INTERTER[70]{70}
	R1131	  > BYTE  OI1073~_INTERTER[71]{71}
	R1132	  > BYTE  OI1073~_INTERTER[72]{72}
	R1133	  > BYTE  OI1073~_INTERTER[73]{73}
	R1134	  > BYTE  OI1073~_INTERTER[74]{74}
	R1135	  > BYTE  OI1073~_INTERTER[75]{75}
	R1136	  > BYTE  OI1073~_INTERTER[76]{76}
	R1137	  > BYTE  OI1073~_INTERTER[77]{77}
	R1138	  > BYTE  OI1073~_INTERTER[78]{78}
	R1139	  > BYTE  OI1073~_INTERTER[79]{79}
	R1140	  > BYTE  OI1073~_INTERTER[80]{80}
	R1141	  > BYTE  OI1073~_INTERTER[81]{81}
	R1142	  > BYTE  OI1073~_INTERTER[82]{82}
	R1143	  > BYTE  OI1073~_INTERTER[83]{83}
	R1144	  > BYTE  OI1073~_INTERTER[84]{84}
	R1145	  > BYTE  OI1073~_INTERTER[85]{85}
	R1146	  > BYTE  OI1073~_INTERTER[86]{86}
	R1147	  > BYTE  OI1073~_INTERTER[87]{87}
	R1148	  > BYTE  OI1073~_INTERTER[88]{88}
	R1149	  > BYTE  OI1073~_INTERTER[89]{89}
	R1150	  > BYTE  OI1073~_INTERTER[90]{90}
	R1151	  > BYTE  OI1073~_INTERTER[91]{91}
	R1152	  > BYTE  OI1073~_INTERTER[92]{92}
	R1153	  > BYTE  OI1073~_INTERTER[93]{93}
	R1154	  > BYTE  OI1073~_INTERTER[94]{94}
	R1155	  > BYTE  OI1073~_INTERTER[95]{95}
	R1156	  > BYTE  OI1073~_INTERTER[96]{96}
	R1157	  > BYTE  OI1073~_INTERTER[97]{97}
	R1158	  > BYTE  OI1073~_INTERTER[98]{98}
	R1159	  > BYTE  OI1073~_INTERTER[99]{99}
	R1160	  > BYTE  OI1073~_INTERTER[100]{100}
	R1161	  > BYTE  OI1073~_INTERTER[101]{101}
	R1162	  > BYTE  OI1073~_INTERTER[102]{102}
	R1163	  > BYTE  OI1073~_INTERTER[103]{103}
	R1164	  > BYTE  OI1073~_INTERTER[104]{104}
	R1165	  > BYTE  OI1073~_INTERTER[105]{105}
	R1166	  > BYTE  OI1073~_INTERTER[106]{106}
	R1167	  > BYTE  OI1073~_INTERTER[107]{107}
	R1168	  > BYTE  OI1073~_INTERTER[108]{108}
	R1169	  > BYTE  OI1073~_INTERTER[109]{109}
	R1170	  > BYTE  OI1073~_INTERTER[110]{110}
	R1171	  > BYTE  OI1073~_INTERTER[111]{111}
	R1172	  > BYTE  OI1073~_INTERTER[112]{112}
	R1173	  > BYTE  OI1073~_INTERTER[113]{113}
	R1174	  > BYTE  OI1073~_INTERTER[114]{114}
	R1175	  > BYTE  OI1073~_INTERTER[115]{115}
	R1176	  > BYTE  OI1073~_INTERTER[116]{116}
	R1177	  > BYTE  OI1073~_INTERTER[117]{117}
	R1178	  > BYTE  OI1073~_INTERTER[118]{118}
	R1179	  > BYTE  OI1073~_INTERTER[119]{119}
	R1180	  > BYTE  OI1073~_INTERTER[120]{120}
	R1181	  > BYTE  OI1073~_INTERTER[121]{121}
	R1182	  > BYTE  OI1073~_INTERTER[122]{122}
	R1183	  > BYTE  OI1073~_INTERTER[123]{123}
	R1184	  > BYTE  OI1073~_INTERTER[124]{124}
	R1185	  > BYTE  OI1073~_INTERTER[125]{125}
	R1186	  > BYTE  OI1073~_INTERTER[126]{126}
	R1187	  > BYTE  OI1073~_INTERTER[127]{127}
R 1188   	 = BYTE OI1073_SIMKEY	; 
R 1189   	 = BYTE OI1073_KEYBPT	; 
R 1190   	 = BYTE OI1073_INTERPT	; 
R 1191   	 = BYTE OI1073_USERKEYB	; 
R 1192   	 =PRGMAIN MAIN	; 
	R1192	  > BYTE  MAIN~DUMMY

No errors.


;* Map completed.
